---
source: tests/snapshots.rs
---
\documentclass[tikz,border=6pt]{standalone}
\usepackage{tikz}
\usetikzlibrary{decorations.pathreplacing,shapes.geometric}
\definecolor{qrabF3F3F3}{HTML}{F3F3F3}
\begin{document}
\begin{tikzpicture}[line cap=round,line join=round,font=\sffamily,scale=1.000]
% circuit: lifecycle
  \draw (0.000,-0.000) -- (8.460,-0.000);
  \draw (8.460,-0.035) -- (9.433,-0.035);
  \draw (8.460,0.035) -- (9.433,0.035);
  \draw[color=purple] (9.433,-0.035) .. controls (9.697,-0.035) and (10.224,-1.035) .. (10.488,-1.035);
  \draw[color=purple] (9.433,0.035) .. controls (9.697,0.035) and (10.224,-0.965) .. (10.488,-0.965);
  \draw (10.488,-1.035) -- (14.985,-1.035);
  \draw (10.488,-0.965) -- (14.985,-0.965);
  \node[anchor=east] at (0,-0.000) {\texttt{|0>}};
  \node[anchor=west] at (14.985,-1.000) {\texttt{out}};
  \draw (0.000,-1.000) -- (1.500,-1.000);
  \draw (4.980,-1.000) -- (9.433,-1.000);
  \draw[color=purple] (9.433,-1.000) .. controls (9.697,-1.000) and (10.224,-2.000) .. (10.488,-2.000);
  \draw (10.488,-2.000) -- (14.985,-2.000);
  \node[anchor=east] at (0,-1.000) {\texttt{|0>}};
  \node[anchor=west] at (14.985,-2.000) {\texttt{out}};
  \draw (4.980,-2.000) -- (9.433,-2.000);
  \draw[color=purple] (9.433,-2.000) .. controls (9.697,-2.000) and (10.224,0.000) .. (10.488,0.000);
  \draw (10.488,-0.000) -- (13.223,-0.000);
  \draw (4.980,-2.130) -- (4.980,-1.870);
  \node[inner sep=2pt,anchor=east] at (4.980,-2.000) {\texttt{|aux>}};
  \node[draw=black,fill=white,minimum width=18.000pt,minimum height=18.000pt] at (1.500,-0.000) {\texttt{H}};
  \fill[fill=qrabF3F3F3] (1.260,-1.170) rectangle (1.740,-0.830);
  \draw (1.260,-1.170) -- (1.260,-0.830);
  \node[inner sep=2pt] at (1.500,-1.000) {\texttt{0}};
  \node[inner sep=0pt,minimum width=24.000pt,minimum height=0.000pt] at (3.000,-1.000) {};
  \fill[fill=white] (4.740,-1.170) rectangle (5.220,-0.830);
  \draw (5.220,-1.170) -- (5.220,-0.830);
  \node[inner sep=2pt] at (4.980,-1.000) {\texttt{1}};
  \draw (2.900,-0.150) -- (3.100,0.150);
  \node[anchor=south west,font=\scriptsize] at (3.080,0.080) {\texttt{3}};
  \node[inner sep=2pt,fill=yellow] at (6.960,-1.000) {\texttt{mix}};
  \node[inner sep=0pt,minimum width=18.000pt,minimum height=8.000pt] at (11.460,-2.000) {};
  \draw[color=red,dashed] (11.460,0.350) -- (11.460,-1.350);
  \draw (13.223,-0.130) -- (13.223,0.130);
  \node[inner sep=2pt,anchor=west] at (13.223,-0.000) {\texttt{done}};
\end{tikzpicture}
\end{document}
