---
source: tests/snapshots.rs
---
\documentclass[tikz,border=6pt]{standalone}
\usepackage{tikz}
\usetikzlibrary{decorations.pathreplacing,shapes.geometric}
\definecolor{qrabDDEEFF}{HTML}{DDEEFF}
\begin{document}
\begin{tikzpicture}[line cap=round,line join=round,font=\sffamily,scale=1.000]
% circuit: measurement_shapes
  \draw (0.000,-0.000) -- (3.340,-0.000);
  \draw (3.340,-0.035) -- (4.500,-0.035);
  \draw (3.340,0.035) -- (4.500,0.035);
  \node[anchor=east] at (0,-0.000) {\texttt{|0>}};
  \draw (0.000,-1.000) -- (1.840,-1.000);
  \draw (1.840,-1.035) -- (4.500,-1.035);
  \draw (1.840,-0.965) -- (4.500,-0.965);
  \node[anchor=east] at (0,-1.000) {\texttt{|0>}};
  \draw (0.000,-2.000) -- (1.840,-2.000);
  \draw (1.840,-2.035) -- (4.500,-2.035);
  \draw (1.840,-1.965) -- (4.500,-1.965);
  \node[anchor=east] at (0,-2.000) {\texttt{|0>}};
  \node[draw=black,fill=white,minimum width=20.000pt,minimum height=20.000pt] at (1.500,-0.000) {\texttt{H}};
  \draw[draw=black,fill=white] (2.649,-0.351) rectangle (3.351,0.351);
  \draw (2.780,-0.100) arc[start angle=180,end angle=0,radius=0.22];
  \draw[->] (3.000,-0.100) -- (3.170,0.120);
  \draw[draw=blue,fill=qrabDDEEFF] (1.075,-1.351) -- (1.574,-1.351) arc[start angle=-90,end angle=90,radius=0.351] -- (1.075,-0.649) -- cycle;
  \node at (1.324,-1.000) {\texttt{Z}};
  \draw[draw=red,fill=yellow] (1.075,-2.000) -- (1.358,-1.649) -- (1.925,-1.649) -- (1.925,-2.351) -- (1.358,-2.351) -- cycle;
  \node at (1.676,-2.000) {\texttt{X}};
\end{tikzpicture}
\end{document}
