---
source: tests/snapshots.rs
---
\documentclass[tikz,border=6pt]{standalone}
\usepackage{tikz}
\usetikzlibrary{decorations.pathreplacing,shapes.geometric}
\definecolor{qrabDDEEFF}{HTML}{DDEEFF}
\begin{document}
\begin{tikzpicture}[line cap=round,line join=round,font=\sffamily,scale=1.000]
% circuit: shor_nutshell
  \draw (0.000,-0.000) -- (11.542,-0.000);
  \draw (11.542,-0.035) -- (16.533,-0.035);
  \draw (11.542,0.035) -- (16.533,0.035);
  \node[anchor=east] at (0,-0.000) {\texttt{|0>}};
  \node[anchor=west] at (16.533,-0.000) {\texttt{phase}};
  \draw (0.000,-1.000) -- (11.542,-1.000);
  \draw (11.542,-1.035) -- (16.533,-1.035);
  \draw (11.542,-0.965) -- (16.533,-0.965);
  \node[anchor=east] at (0,-1.000) {\texttt{|0>}};
  \node[anchor=west] at (16.533,-1.000) {\texttt{phase}};
  \draw (0.000,-2.000) -- (11.542,-2.000);
  \draw (11.542,-2.035) -- (16.533,-2.035);
  \draw (11.542,-1.965) -- (16.533,-1.965);
  \node[anchor=east] at (0,-2.000) {\texttt{|0>}};
  \node[anchor=west] at (16.533,-2.000) {\texttt{phase}};
  \draw (0.000,-3.000) -- (11.542,-3.000);
  \draw (11.542,-3.035) -- (16.533,-3.035);
  \draw (11.542,-2.965) -- (16.533,-2.965);
  \node[anchor=east] at (0,-3.000) {\texttt{|0>}};
  \node[anchor=west] at (16.533,-3.000) {\texttt{phase}};
  \draw (0.000,-4.000) -- (16.533,-4.000);
  \node[anchor=east] at (0,-4.000) {\texttt{|1>}};
  \node[anchor=west] at (16.533,-4.000) {\texttt{a\textasciicircum{}x mod N}};
  \draw (0.000,-5.000) -- (16.533,-5.000);
  \node[anchor=east] at (0,-5.000) {\texttt{|1>}};
  \node[anchor=west] at (16.533,-5.000) {\texttt{a\textasciicircum{}x mod N}};
  \draw (0.000,-6.000) -- (16.533,-6.000);
  \node[anchor=east] at (0,-6.000) {\texttt{|1>}};
  \node[anchor=west] at (16.533,-6.000) {\texttt{a\textasciicircum{}x mod N}};
  \node[draw=black,fill=white,minimum width=20.000pt,minimum height=20.000pt] at (3.000,-0.000) {\texttt{H}};
  \node[draw=black,fill=white,minimum width=20.000pt,minimum height=20.000pt] at (3.000,-1.000) {\texttt{H}};
  \node[draw=black,fill=white,minimum width=20.000pt,minimum height=20.000pt] at (3.000,-2.000) {\texttt{H}};
  \node[draw=black,fill=white,minimum width=20.000pt,minimum height=20.000pt] at (3.000,-3.000) {\texttt{H}};
  \draw (4.544,-0.000) -- (4.544,-6.000);
  \draw[draw=black,fill=qrabDDEEFF] (4.544,-0.000) circle[radius=2.2pt];
  \draw[draw=black,fill=qrabDDEEFF] (4.544,-1.000) circle[radius=2.2pt];
  \draw[draw=black,fill=qrabDDEEFF] (4.544,-2.000) circle[radius=2.2pt];
  \draw[draw=black,fill=qrabDDEEFF] (4.544,-3.000) circle[radius=2.2pt];
  \node[draw=black,fill=qrabDDEEFF,minimum width=20.000pt,minimum height=2.703cm] at (4.544,-5.000) {\texttt{modexp}};
  \draw[dashed] (6.089,0.420) -- (6.089,-6.420); % barrier on 7 wire(s)
  \node[draw=black,fill=yellow,minimum width=20.000pt,minimum height=3.703cm] at (8.645,-1.500) {\texttt{inverse QFT}};
  \draw[draw=black,fill=white] (10.450,-0.351) -- (11.603,-0.351) arc[start angle=-90,end angle=90,radius=0.351] -- (10.450,0.351) -- cycle;
  \node at (11.026,-0.000) {\texttt{bits}};
  \draw[draw=black,fill=white] (10.450,-1.351) -- (11.603,-1.351) arc[start angle=-90,end angle=90,radius=0.351] -- (10.450,-0.649) -- cycle;
  \node at (11.026,-1.000) {\texttt{bits}};
  \draw[draw=black,fill=white] (10.450,-2.351) -- (11.603,-2.351) arc[start angle=-90,end angle=90,radius=0.351] -- (10.450,-1.649) -- cycle;
  \node at (11.026,-2.000) {\texttt{bits}};
  \draw[draw=black,fill=white] (10.450,-3.351) -- (11.603,-3.351) arc[start angle=-90,end angle=90,radius=0.351] -- (10.450,-2.649) -- cycle;
  \node at (11.026,-3.000) {\texttt{bits}};
  \draw[decorate,decoration={brace,amplitude=4pt}] (12.093,-3.340) -- (12.093,0.340);
  \node[inner sep=2pt,fill=white] at (13.868,-1.500) {\texttt{period register}};
  \draw[decorate,decoration={brace,amplitude=4pt}] (6.979,-6.340) -- (6.979,-3.660);
  \node[inner sep=2pt,fill=white] at (8.645,-5.000) {\texttt{value register}};
\end{tikzpicture}
\end{document}
