---
source: tests/snapshots.rs
---
\documentclass[tikz,border=6pt]{standalone}
\usepackage{tikz}
\usepackage{hyperref}
\usetikzlibrary{decorations.pathreplacing,shapes.geometric}
\definecolor{qrab1F4E79}{HTML}{1F4E79}
\definecolor{qrabF7F8FC}{HTML}{F7F8FC}
\definecolor{qrabFCE8A2}{HTML}{FCE8A2}
\begin{document}
\begin{tikzpicture}[line cap=round,line join=round,font=\sffamily,scale=1.100,rotate=-90]
% circuit: styled_controls
  \fill[qrabF7F8FC] (-1.700,-3.600) rectangle (12.007,1.200);
  \draw[color=qrab1F4E79] (0.000,-2.400) -- (8.947,-2.400);
  \draw[color=qrab1F4E79] (8.947,-2.435) -- (10.307,-2.435);
  \draw[color=qrab1F4E79] (8.947,-2.365) -- (10.307,-2.365);
  \node[anchor=east] at (0,-2.400) {\texttt{|0>}};
  \draw[color=qrab1F4E79] (0.000,-1.200) -- (10.307,-1.200);
  \node[anchor=east] at (0,-1.200) {\texttt{|0>}};
  \draw[color=qrab1F4E79] (0.000,-0.000) -- (10.307,-0.000);
  \node[anchor=east] at (0,-0.000) {\texttt{|0>}};
  \node[draw=qrab1F4E79,fill=qrabFCE8A2,circle,minimum width=24.000pt,minimum height=24.000pt] at (1.700,-2.400) {\texttt{H}};
  \draw[color=blue,dashed,opacity=0.650] (3.400,-0.000) -- (3.400,-2.400);
  \draw[draw=blue,fill=green,dashed,opacity=0.650] (3.400,-1.200) circle[radius=2.2pt];
  \node[draw=blue,fill=green,minimum width=3.103cm,minimum height=30.000pt,dashed,opacity=0.650] at (3.400,-1.200) {\href{https://example.com/qrab?gate=U}{\texttt{U}}};
  \draw[color=teal] (5.153,-1.200) -- (5.153,-2.400);
  \draw[draw=teal,fill=white] (5.153,-2.400) circle[radius=2.2pt];
  \node[draw=teal,fill=white,circle,minimum width=20.000pt,minimum height=20.000pt] at (5.153,-1.200) {\texttt{+}};
  \node[draw=red,fill=yellow,circle,minimum width=22.000pt,minimum height=22.000pt] at (5.153,-0.000) {\texttt{theta/2}};
  \draw[color=red] (6.907,-2.400) -- (6.907,-0.000);
  \draw[color=red] (6.797,-2.510) -- (7.017,-2.290) (6.797,-2.290) -- (7.017,-2.510);
  \draw[color=red] (6.797,-0.110) -- (7.017,0.110) (6.797,0.110) -- (7.017,-0.110);
  \draw[draw=blue,fill=yellow] (8.181,-2.751) -- (8.680,-2.751) arc[start angle=-90,end angle=90,radius=0.351] -- (8.181,-2.049) -- cycle;
  \node at (8.431,-2.400) {\texttt{Z}};
\end{tikzpicture}
\end{document}
