---
source: tests/snapshots.rs
---
<svg xmlns="http://www.w3.org/2000/svg" xmlns:xlink="http://www.w3.org/1999/xlink" width="140.008" height="357.269" viewBox="-18.000 -296.190 127.280 324.790" font-family="ui-monospace, SFMono-Regular, Menlo, Consolas, monospace" font-size="10">
  <title>styled_controls</title>
  <rect x="-18.000" y="-296.190" width="127.280" height="324.790" fill="#F7F8FC"/>
  <g transform="rotate(-90)">
    <line x1="0.000" y1="0.000" x2="251.498" y2="0.000" fill="none" stroke="#1F4E79" stroke-width="1"/>
    <line x1="251.498" y1="0.996" x2="290.190" y2="0.996" fill="none" stroke="#1F4E79" stroke-width="1"/>
    <line x1="251.498" y1="-0.996" x2="290.190" y2="-0.996" fill="none" stroke="#1F4E79" stroke-width="1"/>
    <text x="-13.300" y="3.500" text-anchor="middle" fill="#000000">|0&gt;</text>
    <line x1="0.000" y1="34.140" x2="290.190" y2="34.140" fill="none" stroke="#1F4E79" stroke-width="1"/>
    <text x="-13.300" y="37.640" text-anchor="middle" fill="#000000">|0&gt;</text>
    <line x1="0.000" y1="68.280" x2="290.190" y2="68.280" fill="none" stroke="#1F4E79" stroke-width="1"/>
    <text x="-13.300" y="71.780" text-anchor="middle" fill="#000000">|0&gt;</text>
    <circle cx="48.365" cy="0.000" r="12.000" fill="#FCE8A2" stroke="#1F4E79" stroke-width="1"/>
    <text x="48.365" y="3.500" text-anchor="middle" fill="#1F4E79">H</text>
    <line x1="96.730" y1="0.000" x2="96.730" y2="68.280" fill="none" stroke="#0000FF" stroke-width="1" stroke-dasharray="3 2" opacity="0.650"/>
    <circle cx="96.730" cy="34.140" r="2.200" fill="#00FF00" stroke="#0000FF" stroke-width="1" stroke-dasharray="3 2" opacity="0.650"/>
    <rect x="81.730" y="-10.000" width="30.000" height="88.280" fill="#00FF00" stroke="#0000FF" stroke-width="1" stroke-dasharray="3 2" opacity="0.650"/>
    <text x="96.730" y="37.640" text-anchor="middle" fill="#0000FF" opacity="0.650"><a xlink:href="https://example.com/qrab?gate=U" href="https://example.com/qrab?gate=U">U</a></text>
    <line x1="145.095" y1="0.000" x2="145.095" y2="34.140" fill="none" stroke="#008080" stroke-width="1"/>
    <circle cx="145.095" cy="0.000" r="2.200" fill="#FFFFFF" stroke="#008080" stroke-width="1"/>
    <circle cx="145.095" cy="34.140" r="10.000" fill="#FFFFFF" stroke="#008080" stroke-width="1"/>
    <text x="145.095" y="37.640" text-anchor="middle" fill="#008080">+</text>
    <circle cx="145.095" cy="68.280" r="35.000" fill="#FFFF00" stroke="#FF0000" stroke-width="1"/>
    <text x="145.095" y="71.780" text-anchor="middle" fill="#FF0000">P(theta/2)</text>
    <line x1="193.460" y1="0.000" x2="193.460" y2="68.280" fill="none" stroke="#FF0000" stroke-width="1"/>
    <line x1="190.331" y1="3.130" x2="196.590" y2="-3.130" fill="none" stroke="#FF0000" stroke-width="1"/>
    <line x1="190.331" y1="-3.130" x2="196.590" y2="3.130" fill="none" stroke="#FF0000" stroke-width="1"/>
    <line x1="190.331" y1="71.410" x2="196.590" y2="65.151" fill="none" stroke="#FF0000" stroke-width="1"/>
    <line x1="190.331" y1="65.151" x2="196.590" y2="71.410" fill="none" stroke="#FF0000" stroke-width="1"/>
    <path d="M 231.825 10.000 L 241.825 10.000 A 10.000 10.000 0 0 0 241.825 -10.000 L 231.825 -10.000 Z" fill="#FFFF00" stroke="#0000FF" stroke-width="1"/>
    <text x="241.825" y="3.500" text-anchor="middle" fill="#0000FF">Z</text>
  </g>
</svg>
